{"synthetic": false,
 "schemaVersion": "2025-09-10",
 "outputs":
 {"o": ["b0d1687e05fc7a4e.olean"],
  "m": false,
  "i": "990e23aa90f8e006.ilean",
  "c": "9b6218d0ab683f8c.c"},
 "log":
 [{"message":
   ".> LEAN_PATH=/Users/Lisa/Documents/GitHub/lean4/.lake/packages/Cli/.lake/build/lib/lean:/Users/Lisa/Documents/GitHub/lean4/.lake/packages/batteries/.lake/build/lib/lean:/Users/Lisa/Documents/GitHub/lean4/.lake/packages/Qq/.lake/build/lib/lean:/Users/Lisa/Documents/GitHub/lean4/.lake/packages/aesop/.lake/build/lib/lean:/Users/Lisa/Documents/GitHub/lean4/.lake/packages/proofwidgets/.lake/build/lib/lean:/Users/Lisa/Documents/GitHub/lean4/.lake/packages/importGraph/.lake/build/lib/lean:/Users/Lisa/Documents/GitHub/lean4/.lake/packages/LeanSearchClient/.lake/build/lib/lean:/Users/Lisa/Documents/GitHub/lean4/.lake/packages/plausible/.lake/build/lib/lean:/Users/Lisa/Documents/GitHub/lean4/.lake/packages/mathlib/.lake/build/lib/lean:/Users/Lisa/Documents/GitHub/lean4/.lake/build/lib/lean /Users/Lisa/.elan/toolchains/leanprover--lean4---v4.34.0-rc2/bin/lean /Users/Lisa/Documents/GitHub/lean4/Lean4/Q6.lean -o /Users/Lisa/Documents/GitHub/lean4/.lake/build/lib/lean/Lean4/Q6.olean -i /Users/Lisa/Documents/GitHub/lean4/.lake/build/lib/lean/Lean4/Q6.ilean -c /Users/Lisa/Documents/GitHub/lean4/.lake/build/ir/Lean4/Q6.c --setup /Users/Lisa/Documents/GitHub/lean4/.lake/build/ir/Lean4/Q6.setup.json --json",
   "level": "trace"}],
 "inputs":
 [["deps",
   [["Lean4/Lean4:extraDep", [["@Lean4:extraDep", "00000000000006bb"]]],
    ["imports",
     [["Mathlib.Tactic transitive imports (legacy)", "e7c8cefa16df8c64"],
      ["Mathlib.Tactic:importAllArts", "4e28668a4cb12fdd"]]]]],
  ["libs",
   [["import dynlibs", "00000000000006bb"],
    ["package external libraries", "00000000000006bb"],
    ["module dynlibs", "00000000000006bb"],
    ["module plugins", "00000000000006bb"]]],
  ["Lean 4.34.0, commit 6a10ac8c22beadecabdbb0919c2b50214762f91d",
   "365244c167ac8c1d"],
  ["/Users/Lisa/Documents/GitHub/lean4/Lean4/Q6.lean", "dad3432f3366f066"],
  ["options",
   [["-Dpp.unicode.fun=true", "9b94070140457fab"],
    ["-DautoImplicit=false", "4a85acb881fd49d0"]]],
  ["isModule: false", "feefd2a0d3a1847e"],
  ["Module.name: Lean4.Q6", "9466f37edb251d49"],
  ["Package.id?: (some Lean4)", "db788b47c3616308"],
  ["Module.leanArgs: #[]", "00000000000006bb"]],
 "depHash": "4cc2384ffe5a4901"}