{"synthetic": false,
 "schemaVersion": "2025-09-10",
 "outputs":
 {"o": ["b9accb6477050967.olean"],
  "m": false,
  "i": "cff7886546bedb7d.ilean",
  "c": "823b8c9ec8cf1dee.c"},
 "log":
 [{"message":
   ".> LEAN_PATH=/Users/Lisa/Documents/GitHub/lean4/.lake/packages/Cli/.lake/build/lib/lean:/Users/Lisa/Documents/GitHub/lean4/.lake/packages/batteries/.lake/build/lib/lean:/Users/Lisa/Documents/GitHub/lean4/.lake/packages/Qq/.lake/build/lib/lean:/Users/Lisa/Documents/GitHub/lean4/.lake/packages/aesop/.lake/build/lib/lean:/Users/Lisa/Documents/GitHub/lean4/.lake/packages/proofwidgets/.lake/build/lib/lean:/Users/Lisa/Documents/GitHub/lean4/.lake/packages/importGraph/.lake/build/lib/lean:/Users/Lisa/Documents/GitHub/lean4/.lake/packages/LeanSearchClient/.lake/build/lib/lean:/Users/Lisa/Documents/GitHub/lean4/.lake/packages/plausible/.lake/build/lib/lean:/Users/Lisa/Documents/GitHub/lean4/.lake/packages/mathlib/.lake/build/lib/lean:/Users/Lisa/Documents/GitHub/lean4/.lake/build/lib/lean /Users/Lisa/.elan/toolchains/leanprover--lean4---v4.34.0-rc2/bin/lean /Users/Lisa/Documents/GitHub/lean4/Lean4/Q7.lean -o /Users/Lisa/Documents/GitHub/lean4/.lake/build/lib/lean/Lean4/Q7.olean -i /Users/Lisa/Documents/GitHub/lean4/.lake/build/lib/lean/Lean4/Q7.ilean -c /Users/Lisa/Documents/GitHub/lean4/.lake/build/ir/Lean4/Q7.c --setup /Users/Lisa/Documents/GitHub/lean4/.lake/build/ir/Lean4/Q7.setup.json --json",
   "level": "trace"}],
 "inputs":
 [["deps",
   [["Lean4/Lean4:extraDep", [["@Lean4:extraDep", "00000000000006bb"]]],
    ["imports",
     [["Mathlib.Tactic transitive imports (legacy)", "e7c8cefa16df8c64"],
      ["Mathlib.Tactic:importAllArts", "4e28668a4cb12fdd"]]]]],
  ["libs",
   [["import dynlibs", "00000000000006bb"],
    ["package external libraries", "00000000000006bb"],
    ["module dynlibs", "00000000000006bb"],
    ["module plugins", "00000000000006bb"]]],
  ["Lean 4.34.0, commit 6a10ac8c22beadecabdbb0919c2b50214762f91d",
   "365244c167ac8c1d"],
  ["/Users/Lisa/Documents/GitHub/lean4/Lean4/Q7.lean", "ee373eea99a725ac"],
  ["options",
   [["-Dpp.unicode.fun=true", "9b94070140457fab"],
    ["-DautoImplicit=false", "4a85acb881fd49d0"]]],
  ["isModule: false", "feefd2a0d3a1847e"],
  ["Module.name: Lean4.Q7", "5532ba80870c603d"],
  ["Package.id?: (some Lean4)", "db788b47c3616308"],
  ["Module.leanArgs: #[]", "00000000000006bb"]],
 "depHash": "a8ab6fbedcfefc73"}